build-and-deploy	Set up job	﻿2026-04-28T13:07:12.0042465Z Current runner version: '2.334.0'
build-and-deploy	Set up job	2026-04-28T13:07:12.0066975Z ##[group]Runner Image Provisioner
build-and-deploy	Set up job	2026-04-28T13:07:12.0067709Z Hosted Compute Agent
build-and-deploy	Set up job	2026-04-28T13:07:12.0068182Z Version: 20260422.526
build-and-deploy	Set up job	2026-04-28T13:07:12.0068716Z Commit: e1a9e573f4d0838b3a7c1b07401aeb29ed3635a9
build-and-deploy	Set up job	2026-04-28T13:07:12.0069354Z Build Date: 2026-04-22T09:31:31Z
build-and-deploy	Set up job	2026-04-28T13:07:12.0069910Z Worker ID: {74152c1f-319e-4c74-8d6b-71d72323d645}
build-and-deploy	Set up job	2026-04-28T13:07:12.0070570Z Azure Region: westus3
build-and-deploy	Set up job	2026-04-28T13:07:12.0071037Z ##[endgroup]
build-and-deploy	Set up job	2026-04-28T13:07:12.0072468Z ##[group]Operating System
build-and-deploy	Set up job	2026-04-28T13:07:12.0073062Z Ubuntu
build-and-deploy	Set up job	2026-04-28T13:07:12.0073460Z 24.04.4
build-and-deploy	Set up job	2026-04-28T13:07:12.0073877Z LTS
build-and-deploy	Set up job	2026-04-28T13:07:12.0074253Z ##[endgroup]
build-and-deploy	Set up job	2026-04-28T13:07:12.0074716Z ##[group]Runner Image
build-and-deploy	Set up job	2026-04-28T13:07:12.0075175Z Image: ubuntu-24.04
build-and-deploy	Set up job	2026-04-28T13:07:12.0075646Z Version: 20260426.100.1
build-and-deploy	Set up job	2026-04-28T13:07:12.0076525Z Included Software: https://github.com/actions/runner-images/blob/ubuntu24/20260426.100/images/ubuntu/Ubuntu2404-Readme.md
build-and-deploy	Set up job	2026-04-28T13:07:12.0078046Z Image Release: https://github.com/actions/runner-images/releases/tag/ubuntu24%2F20260426.100
build-and-deploy	Set up job	2026-04-28T13:07:12.0078808Z ##[endgroup]
build-and-deploy	Set up job	2026-04-28T13:07:12.0079772Z ##[group]GITHUB_TOKEN Permissions
build-and-deploy	Set up job	2026-04-28T13:07:12.0081752Z Contents: read
build-and-deploy	Set up job	2026-04-28T13:07:12.0082218Z Metadata: read
build-and-deploy	Set up job	2026-04-28T13:07:12.0082665Z Pages: write
build-and-deploy	Set up job	2026-04-28T13:07:12.0083146Z ##[endgroup]
build-and-deploy	Set up job	2026-04-28T13:07:12.0085427Z Secret source: Actions
build-and-deploy	Set up job	2026-04-28T13:07:12.0086113Z Prepare workflow directory
build-and-deploy	Set up job	2026-04-28T13:07:12.0444700Z Prepare all required actions
build-and-deploy	Set up job	2026-04-28T13:07:12.0487622Z Getting action download info
build-and-deploy	Set up job	2026-04-28T13:07:12.7187017Z Download action repository 'actions/checkout@v4' (SHA:34e114876b0b11c390a56381ad16ebd13914f8d5)
build-and-deploy	Set up job	2026-04-28T13:07:12.8351460Z Download action repository 'actions/setup-node@v4' (SHA:49933ea5288caeca8642d1e84afbd3f7d6820020)
build-and-deploy	Set up job	2026-04-28T13:07:12.9040428Z Download action repository 'actions/configure-pages@v4' (SHA:1f0c5cde4bc74cd7e1254d0cb4de8d49e9068c7d)
build-and-deploy	Set up job	2026-04-28T13:07:13.8305555Z Download action repository 'actions/upload-pages-artifact@v3' (SHA:56afc609e74202658d3ffba0e8f6dda462b719fa)
build-and-deploy	Set up job	2026-04-28T13:07:14.3763753Z Download action repository 'actions/deploy-pages@v4' (SHA:d6db90164ac5ed86f2b6aed7e0febac5b3c0c03e)
build-and-deploy	Set up job	2026-04-28T13:07:15.6994738Z Getting action download info
build-and-deploy	Set up job	2026-04-28T13:07:15.8978895Z Download action repository 'actions/upload-artifact@v4' (SHA:ea165f8d65b6e75b540449e92b4886f43607fa02)
build-and-deploy	Set up job	2026-04-28T13:07:16.0041218Z Complete job name: build-and-deploy
build-and-deploy	Checkout	﻿2026-04-28T13:07:16.0735303Z ##[group]Run actions/checkout@v4
build-and-deploy	Checkout	2026-04-28T13:07:16.0735895Z with:
build-and-deploy	Checkout	2026-04-28T13:07:16.0736099Z   repository: joylee7280/joywebpage
build-and-deploy	Checkout	2026-04-28T13:07:16.0736591Z   token: ***
build-and-deploy	Checkout	2026-04-28T13:07:16.0736781Z   ssh-strict: true
build-and-deploy	Checkout	2026-04-28T13:07:16.0736978Z   ssh-user: git
build-and-deploy	Checkout	2026-04-28T13:07:16.0737189Z   persist-credentials: true
build-and-deploy	Checkout	2026-04-28T13:07:16.0737407Z   clean: true
build-and-deploy	Checkout	2026-04-28T13:07:16.0737626Z   sparse-checkout-cone-mode: true
build-and-deploy	Checkout	2026-04-28T13:07:16.0737875Z   fetch-depth: 1
build-and-deploy	Checkout	2026-04-28T13:07:16.0738098Z   fetch-tags: false
build-and-deploy	Checkout	2026-04-28T13:07:16.0738274Z   show-progress: true
build-and-deploy	Checkout	2026-04-28T13:07:16.0738454Z   lfs: false
build-and-deploy	Checkout	2026-04-28T13:07:16.0738620Z   submodules: false
build-and-deploy	Checkout	2026-04-28T13:07:16.0738809Z   set-safe-directory: true
build-and-deploy	Checkout	2026-04-28T13:07:16.0739158Z env:
build-and-deploy	Checkout	2026-04-28T13:07:16.0739354Z   FORCE_JAVASCRIPT_ACTIONS_TO_NODE24: true
build-and-deploy	Checkout	2026-04-28T13:07:16.0739617Z ##[endgroup]
build-and-deploy	Checkout	2026-04-28T13:07:16.1651211Z Syncing repository: joylee7280/joywebpage
build-and-deploy	Checkout	2026-04-28T13:07:16.1652856Z ##[group]Getting Git version info
build-and-deploy	Checkout	2026-04-28T13:07:16.1653351Z Working directory is '/home/runner/work/joywebpage/joywebpage'
build-and-deploy	Checkout	2026-04-28T13:07:16.1653950Z [command]/usr/bin/git version
build-and-deploy	Checkout	2026-04-28T13:07:16.1710177Z git version 2.54.0
build-and-deploy	Checkout	2026-04-28T13:07:16.1728387Z ##[endgroup]
build-and-deploy	Checkout	2026-04-28T13:07:16.1741158Z Temporarily overriding HOME='/home/runner/work/_temp/73e4c5ff-c3e2-4fb0-ae8c-546632be000c' before making global git config changes
build-and-deploy	Checkout	2026-04-28T13:07:16.1742262Z Adding repository directory to the temporary git global config as a safe directory
build-and-deploy	Checkout	2026-04-28T13:07:16.1746078Z [command]/usr/bin/git config --global --add safe.directory /home/runner/work/joywebpage/joywebpage
build-and-deploy	Checkout	2026-04-28T13:07:16.1788433Z Deleting the contents of '/home/runner/work/joywebpage/joywebpage'
build-and-deploy	Checkout	2026-04-28T13:07:16.1791895Z ##[group]Initializing the repository
build-and-deploy	Checkout	2026-04-28T13:07:16.1796314Z [command]/usr/bin/git init /home/runner/work/joywebpage/joywebpage
build-and-deploy	Checkout	2026-04-28T13:07:16.1888927Z hint: Using 'master' as the name for the initial branch. This default branch name
build-and-deploy	Checkout	2026-04-28T13:07:16.1889827Z hint: will change to "main" in Git 3.0. To configure the initial branch name
build-and-deploy	Checkout	2026-04-28T13:07:16.1890473Z hint: to use in all of your new repositories, which will suppress this warning,
build-and-deploy	Checkout	2026-04-28T13:07:16.1890860Z hint: call:
build-and-deploy	Checkout	2026-04-28T13:07:16.1891027Z hint:
build-and-deploy	Checkout	2026-04-28T13:07:16.1891329Z hint: 	git config --global init.defaultBranch <name>
build-and-deploy	Checkout	2026-04-28T13:07:16.1892379Z hint:
build-and-deploy	Checkout	2026-04-28T13:07:16.1892902Z hint: Names commonly chosen instead of 'master' are 'main', 'trunk' and
build-and-deploy	Checkout	2026-04-28T13:07:16.1893721Z hint: 'development'. The just-created branch can be renamed via this command:
build-and-deploy	Checkout	2026-04-28T13:07:16.1894350Z hint:
build-and-deploy	Checkout	2026-04-28T13:07:16.1894733Z hint: 	git branch -m <name>
build-and-deploy	Checkout	2026-04-28T13:07:16.1895068Z hint:
build-and-deploy	Checkout	2026-04-28T13:07:16.1895446Z hint: Disable this message with "git config set advice.defaultBranchName false"
build-and-deploy	Checkout	2026-04-28T13:07:16.1895990Z Initialized empty Git repository in /home/runner/work/joywebpage/joywebpage/.git/
build-and-deploy	Checkout	2026-04-28T13:07:16.1904150Z [command]/usr/bin/git remote add origin https://github.com/joylee7280/joywebpage
build-and-deploy	Checkout	2026-04-28T13:07:16.1938834Z ##[endgroup]
build-and-deploy	Checkout	2026-04-28T13:07:16.1939252Z ##[group]Disabling automatic garbage collection
build-and-deploy	Checkout	2026-04-28T13:07:16.1942431Z [command]/usr/bin/git config --local gc.auto 0
build-and-deploy	Checkout	2026-04-28T13:07:16.1963801Z ##[endgroup]
build-and-deploy	Checkout	2026-04-28T13:07:16.1964174Z ##[group]Setting up auth
build-and-deploy	Checkout	2026-04-28T13:07:16.1970243Z [command]/usr/bin/git config --local --name-only --get-regexp core\.sshCommand
build-and-deploy	Checkout	2026-04-28T13:07:16.1998986Z [command]/usr/bin/git submodule foreach --recursive sh -c "git config --local --name-only --get-regexp 'core\.sshCommand' && git config --local --unset-all 'core.sshCommand' || :"
build-and-deploy	Checkout	2026-04-28T13:07:16.2289379Z [command]/usr/bin/git config --local --name-only --get-regexp http\.https\:\/\/github\.com\/\.extraheader
build-and-deploy	Checkout	2026-04-28T13:07:16.2314033Z [command]/usr/bin/git submodule foreach --recursive sh -c "git config --local --name-only --get-regexp 'http\.https\:\/\/github\.com\/\.extraheader' && git config --local --unset-all 'http.https://github.com/.extraheader' || :"
build-and-deploy	Checkout	2026-04-28T13:07:16.2479654Z [command]/usr/bin/git config --local --name-only --get-regexp ^includeIf\.gitdir:
build-and-deploy	Checkout	2026-04-28T13:07:16.2504581Z [command]/usr/bin/git submodule foreach --recursive git config --local --show-origin --name-only --get-regexp remote.origin.url
build-and-deploy	Checkout	2026-04-28T13:07:16.2672591Z [command]/usr/bin/git config --local http.https://github.com/.extraheader AUTHORIZATION: basic ***
build-and-deploy	Checkout	2026-04-28T13:07:16.2699123Z ##[endgroup]
build-and-deploy	Checkout	2026-04-28T13:07:16.2699682Z ##[group]Fetching the repository
build-and-deploy	Checkout	2026-04-28T13:07:16.2707544Z [command]/usr/bin/git -c protocol.version=2 fetch --no-tags --prune --no-recurse-submodules --depth=1 origin +500a55e960439372ad19b288c0a0264267676de6:refs/remotes/origin/main
build-and-deploy	Checkout	2026-04-28T13:07:16.7969905Z From https://github.com/joylee7280/joywebpage
build-and-deploy	Checkout	2026-04-28T13:07:16.7970765Z  * [new ref]         500a55e960439372ad19b288c0a0264267676de6 -> origin/main
build-and-deploy	Checkout	2026-04-28T13:07:16.8011732Z ##[endgroup]
build-and-deploy	Checkout	2026-04-28T13:07:16.8012385Z ##[group]Determining the checkout info
build-and-deploy	Checkout	2026-04-28T13:07:16.8014671Z ##[endgroup]
build-and-deploy	Checkout	2026-04-28T13:07:16.8020254Z [command]/usr/bin/git sparse-checkout disable
build-and-deploy	Checkout	2026-04-28T13:07:16.8058292Z [command]/usr/bin/git config --local --unset-all extensions.worktreeConfig
build-and-deploy	Checkout	2026-04-28T13:07:16.8080697Z ##[group]Checking out the ref
build-and-deploy	Checkout	2026-04-28T13:07:16.8090165Z [command]/usr/bin/git checkout --progress --force -B main refs/remotes/origin/main
build-and-deploy	Checkout	2026-04-28T13:07:16.8147289Z Switched to a new branch 'main'
build-and-deploy	Checkout	2026-04-28T13:07:16.8147940Z branch 'main' set up to track 'origin/main'.
build-and-deploy	Checkout	2026-04-28T13:07:16.8154160Z ##[endgroup]
build-and-deploy	Checkout	2026-04-28T13:07:16.8187372Z [command]/usr/bin/git log -1 --format=%H
build-and-deploy	Checkout	2026-04-28T13:07:16.8205985Z 500a55e960439372ad19b288c0a0264267676de6
build-and-deploy	Setup Node.js	﻿2026-04-28T13:07:16.8414146Z ##[group]Run actions/setup-node@v4
build-and-deploy	Setup Node.js	2026-04-28T13:07:16.8414429Z with:
build-and-deploy	Setup Node.js	2026-04-28T13:07:16.8414604Z   node-version: 24
build-and-deploy	Setup Node.js	2026-04-28T13:07:16.8414775Z   cache: npm
build-and-deploy	Setup Node.js	2026-04-28T13:07:16.8414952Z   always-auth: false
build-and-deploy	Setup Node.js	2026-04-28T13:07:16.8415147Z   check-latest: false
build-and-deploy	Setup Node.js	2026-04-28T13:07:16.8415479Z   token: ***
build-and-deploy	Setup Node.js	2026-04-28T13:07:16.8415642Z env:
build-and-deploy	Setup Node.js	2026-04-28T13:07:16.8415822Z   FORCE_JAVASCRIPT_ACTIONS_TO_NODE24: true
build-and-deploy	Setup Node.js	2026-04-28T13:07:16.8416076Z ##[endgroup]
build-and-deploy	Setup Node.js	2026-04-28T13:07:16.9788679Z Found in cache @ /opt/hostedtoolcache/node/24.15.0/x64
build-and-deploy	Setup Node.js	2026-04-28T13:07:16.9790652Z (node:2258) [DEP0040] DeprecationWarning: The `punycode` module is deprecated. Please use a userland alternative instead.
build-and-deploy	Setup Node.js	2026-04-28T13:07:16.9791851Z (Use `node --trace-deprecation ...` to show where the warning was created)
build-and-deploy	Setup Node.js	2026-04-28T13:07:16.9796563Z ##[group]Environment details
build-and-deploy	Setup Node.js	2026-04-28T13:07:17.3847730Z node: v24.15.0
build-and-deploy	Setup Node.js	2026-04-28T13:07:17.3848158Z npm: 11.12.1
build-and-deploy	Setup Node.js	2026-04-28T13:07:17.3848332Z yarn: 1.22.22
build-and-deploy	Setup Node.js	2026-04-28T13:07:17.3848803Z ##[endgroup]
build-and-deploy	Setup Node.js	2026-04-28T13:07:17.3906838Z [command]/opt/hostedtoolcache/node/24.15.0/x64/bin/npm config get cache
build-and-deploy	Setup Node.js	2026-04-28T13:07:17.4925265Z /home/runner/.npm
build-and-deploy	Setup Node.js	2026-04-28T13:07:17.7337201Z npm cache is not found
build-and-deploy	Install dependencies	﻿2026-04-28T13:07:17.7429017Z ##[group]Run npm ci
build-and-deploy	Install dependencies	2026-04-28T13:07:17.7429344Z [36;1mnpm ci[0m
build-and-deploy	Install dependencies	2026-04-28T13:07:17.7514400Z shell: /usr/bin/bash -e {0}
build-and-deploy	Install dependencies	2026-04-28T13:07:17.7514679Z env:
build-and-deploy	Install dependencies	2026-04-28T13:07:17.7514875Z   FORCE_JAVASCRIPT_ACTIONS_TO_NODE24: true
build-and-deploy	Install dependencies	2026-04-28T13:07:17.7515139Z ##[endgroup]
build-and-deploy	Install dependencies	2026-04-28T13:07:22.5027600Z 
build-and-deploy	Install dependencies	2026-04-28T13:07:22.5034505Z added 199 packages, and audited 200 packages in 5s
build-and-deploy	Install dependencies	2026-04-28T13:07:22.5034871Z 
build-and-deploy	Install dependencies	2026-04-28T13:07:22.5035087Z 51 packages are looking for funding
build-and-deploy	Install dependencies	2026-04-28T13:07:22.5035399Z   run `npm fund` for details
build-and-deploy	Install dependencies	2026-04-28T13:07:22.5039781Z 
build-and-deploy	Install dependencies	2026-04-28T13:07:22.5040193Z found 0 vulnerabilities
build-and-deploy	Build	﻿2026-04-28T13:07:22.5369174Z ##[group]Run npm run build
build-and-deploy	Build	2026-04-28T13:07:22.5369465Z [36;1mnpm run build[0m
build-and-deploy	Build	2026-04-28T13:07:22.5400999Z shell: /usr/bin/bash -e {0}
build-and-deploy	Build	2026-04-28T13:07:22.5401251Z env:
build-and-deploy	Build	2026-04-28T13:07:22.5401447Z   FORCE_JAVASCRIPT_ACTIONS_TO_NODE24: true
build-and-deploy	Build	2026-04-28T13:07:22.5401904Z ##[endgroup]
build-and-deploy	Build	2026-04-28T13:07:22.6297343Z 
build-and-deploy	Build	2026-04-28T13:07:22.6297934Z > joywebpage@0.0.0 build
build-and-deploy	Build	2026-04-28T13:07:22.6298267Z > tsc -b && vite build
build-and-deploy	Build	2026-04-28T13:07:22.6298444Z 
build-and-deploy	Build	2026-04-28T13:07:24.0708131Z [36mvite v8.0.10 [32mbuilding client environment for production...[36m[39m
build-and-deploy	Build	2026-04-28T13:07:24.0810930Z [2K
build-and-deploy	Build	2026-04-28T13:07:24.1409145Z transforming...✓ 16 modules transformed.
build-and-deploy	Build	2026-04-28T13:07:24.1594845Z rendering chunks...
build-and-deploy	Build	2026-04-28T13:07:24.1893190Z computing gzip size...
build-and-deploy	Build	2026-04-28T13:07:24.1930373Z dist/index.html                   0.86 kB │ gzip:  0.44 kB
build-and-deploy	Build	2026-04-28T13:07:24.1930963Z dist/assets/index-DGNrK5qb.css    1.78 kB │ gzip:  0.81 kB
build-and-deploy	Build	2026-04-28T13:07:24.1931481Z dist/assets/index-xv1S6PAO.js   195.96 kB │ gzip: 62.00 kB
build-and-deploy	Build	2026-04-28T13:07:24.1932108Z 
build-and-deploy	Build	2026-04-28T13:07:24.1932768Z [32m✓ built in 122ms[39m
build-and-deploy	Setup Pages	﻿2026-04-28T13:07:24.2123426Z ##[group]Run actions/configure-pages@v4
build-and-deploy	Setup Pages	2026-04-28T13:07:24.2123705Z with:
build-and-deploy	Setup Pages	2026-04-28T13:07:24.2124023Z   token: ***
build-and-deploy	Setup Pages	2026-04-28T13:07:24.2124200Z   enablement: false
build-and-deploy	Setup Pages	2026-04-28T13:07:24.2124370Z env:
build-and-deploy	Setup Pages	2026-04-28T13:07:24.2124549Z   FORCE_JAVASCRIPT_ACTIONS_TO_NODE24: true
build-and-deploy	Setup Pages	2026-04-28T13:07:24.2124777Z ##[endgroup]
build-and-deploy	Setup Pages	2026-04-28T13:07:24.2799328Z (node:2358) [DEP0040] DeprecationWarning: The `punycode` module is deprecated. Please use a userland alternative instead.
build-and-deploy	Setup Pages	2026-04-28T13:07:24.2800089Z (Use `node --trace-deprecation ...` to show where the warning was created)
build-and-deploy	Setup Pages	2026-04-28T13:07:24.2912688Z (node:2358) [DEP0169] DeprecationWarning: `url.parse()` behavior is not standardized and prone to errors that have security implications. Use the WHATWG URL API instead. CVEs are not issued for `url.parse()` vulnerabilities.
build-and-deploy	Upload artifact	﻿2026-04-28T13:07:24.5953417Z ##[group]Run actions/upload-pages-artifact@v3
build-and-deploy	Upload artifact	2026-04-28T13:07:24.5953690Z with:
build-and-deploy	Upload artifact	2026-04-28T13:07:24.5953853Z   path: ./dist
build-and-deploy	Upload artifact	2026-04-28T13:07:24.5954021Z   name: github-pages
build-and-deploy	Upload artifact	2026-04-28T13:07:24.5954207Z   retention-days: 1
build-and-deploy	Upload artifact	2026-04-28T13:07:24.5954377Z env:
build-and-deploy	Upload artifact	2026-04-28T13:07:24.5954552Z   FORCE_JAVASCRIPT_ACTIONS_TO_NODE24: true
build-and-deploy	Upload artifact	2026-04-28T13:07:24.5954788Z   GITHUB_PAGES: true
build-and-deploy	Upload artifact	2026-04-28T13:07:24.5954955Z ##[endgroup]
build-and-deploy	Upload artifact	2026-04-28T13:07:24.6037116Z ##[group]Run echo ::group::Archive artifact
build-and-deploy	Upload artifact	2026-04-28T13:07:24.6037437Z [36;1mecho ::group::Archive artifact[0m
build-and-deploy	Upload artifact	2026-04-28T13:07:24.6037672Z [36;1mtar \[0m
build-and-deploy	Upload artifact	2026-04-28T13:07:24.6037871Z [36;1m  --dereference --hard-dereference \[0m
build-and-deploy	Upload artifact	2026-04-28T13:07:24.6038134Z [36;1m  --directory "$INPUT_PATH" \[0m
build-and-deploy	Upload artifact	2026-04-28T13:07:24.6038384Z [36;1m  -cvf "$RUNNER_TEMP/artifact.tar" \[0m
build-and-deploy	Upload artifact	2026-04-28T13:07:24.6038639Z [36;1m  --exclude=.git \[0m
build-and-deploy	Upload artifact	2026-04-28T13:07:24.6038841Z [36;1m  --exclude=.github \[0m
build-and-deploy	Upload artifact	2026-04-28T13:07:24.6039046Z [36;1m  .[0m
build-and-deploy	Upload artifact	2026-04-28T13:07:24.6039276Z [36;1mecho ::endgroup::[0m
build-and-deploy	Upload artifact	2026-04-28T13:07:24.6060296Z shell: /usr/bin/sh -e {0}
build-and-deploy	Upload artifact	2026-04-28T13:07:24.6060535Z env:
build-and-deploy	Upload artifact	2026-04-28T13:07:24.6060721Z   FORCE_JAVASCRIPT_ACTIONS_TO_NODE24: true
build-and-deploy	Upload artifact	2026-04-28T13:07:24.6060971Z   GITHUB_PAGES: true
build-and-deploy	Upload artifact	2026-04-28T13:07:24.6061155Z   INPUT_PATH: ./dist
build-and-deploy	Upload artifact	2026-04-28T13:07:24.6061336Z ##[endgroup]
build-and-deploy	Upload artifact	2026-04-28T13:07:24.6096925Z ##[group]Archive artifact
build-and-deploy	Upload artifact	2026-04-28T13:07:24.6106412Z ./
build-and-deploy	Upload artifact	2026-04-28T13:07:24.6106772Z ./assets/
build-and-deploy	Upload artifact	2026-04-28T13:07:24.6107132Z ./assets/index-DGNrK5qb.css
build-and-deploy	Upload artifact	2026-04-28T13:07:24.6107687Z ./assets/index-xv1S6PAO.js
build-and-deploy	Upload artifact	2026-04-28T13:07:24.6108032Z ./index.html
build-and-deploy	Upload artifact	2026-04-28T13:07:24.6109640Z ./style.css
build-and-deploy	Upload artifact	2026-04-28T13:07:24.6110000Z ./script.js
build-and-deploy	Upload artifact	2026-04-28T13:07:24.6110262Z ./icons.svg
build-and-deploy	Upload artifact	2026-04-28T13:07:24.6110547Z ./favicon.svg
build-and-deploy	Upload artifact	2026-04-28T13:07:24.6111187Z ##[endgroup]
build-and-deploy	Upload artifact	2026-04-28T13:07:24.6173303Z ##[group]Run actions/upload-artifact@v4
build-and-deploy	Upload artifact	2026-04-28T13:07:24.6173550Z with:
build-and-deploy	Upload artifact	2026-04-28T13:07:24.6173715Z   name: github-pages
build-and-deploy	Upload artifact	2026-04-28T13:07:24.6173921Z   path: /home/runner/work/_temp/artifact.tar
build-and-deploy	Upload artifact	2026-04-28T13:07:24.6174197Z   retention-days: 1
build-and-deploy	Upload artifact	2026-04-28T13:07:24.6174379Z   if-no-files-found: error
build-and-deploy	Upload artifact	2026-04-28T13:07:24.6174587Z   compression-level: 6
build-and-deploy	Upload artifact	2026-04-28T13:07:24.6174763Z   overwrite: false
build-and-deploy	Upload artifact	2026-04-28T13:07:24.6174949Z   include-hidden-files: false
build-and-deploy	Upload artifact	2026-04-28T13:07:24.6175140Z env:
build-and-deploy	Upload artifact	2026-04-28T13:07:24.6175315Z   FORCE_JAVASCRIPT_ACTIONS_TO_NODE24: true
build-and-deploy	Upload artifact	2026-04-28T13:07:24.6175553Z   GITHUB_PAGES: true
build-and-deploy	Upload artifact	2026-04-28T13:07:24.6175721Z ##[endgroup]
build-and-deploy	Upload artifact	2026-04-28T13:07:24.7785163Z (node:2373) [DEP0040] DeprecationWarning: The `punycode` module is deprecated. Please use a userland alternative instead.
build-and-deploy	Upload artifact	2026-04-28T13:07:24.7785950Z (Use `node --trace-deprecation ...` to show where the warning was created)
build-and-deploy	Upload artifact	2026-04-28T13:07:24.7826949Z With the provided path, there will be 1 file uploaded
build-and-deploy	Upload artifact	2026-04-28T13:07:24.7831401Z Artifact name is valid!
build-and-deploy	Upload artifact	2026-04-28T13:07:24.7832265Z Root directory input is valid!
build-and-deploy	Upload artifact	2026-04-28T13:07:25.0475771Z Beginning upload of artifact content to blob storage
build-and-deploy	Upload artifact	2026-04-28T13:07:25.0716836Z (node:2373) [DEP0169] DeprecationWarning: `url.parse()` behavior is not standardized and prone to errors that have security implications. Use the WHATWG URL API instead. CVEs are not issued for `url.parse()` vulnerabilities.
build-and-deploy	Upload artifact	2026-04-28T13:07:25.4519105Z Uploaded bytes 68524
build-and-deploy	Upload artifact	2026-04-28T13:07:25.5236759Z Finished uploading artifact content to blob storage!
build-and-deploy	Upload artifact	2026-04-28T13:07:25.5238142Z SHA256 digest of uploaded artifact zip is 24ef11c858ac4c1bed890e9cb8953653a1d830d7e72de6fe13b682df70e4a552
build-and-deploy	Upload artifact	2026-04-28T13:07:25.5239154Z Finalizing artifact upload
build-and-deploy	Upload artifact	2026-04-28T13:07:25.7370986Z Artifact github-pages.zip successfully finalized. Artifact ID 6684834138
build-and-deploy	Upload artifact	2026-04-28T13:07:25.7372435Z Artifact github-pages has been successfully uploaded! Final size is 68524 bytes. Artifact ID is 6684834138
build-and-deploy	Upload artifact	2026-04-28T13:07:25.7378444Z Artifact download URL: https://github.com/joylee7280/joywebpage/actions/runs/25054611657/artifacts/6684834138
build-and-deploy	Deploy to GitHub Pages	﻿2026-04-28T13:07:25.7519995Z ##[group]Run actions/deploy-pages@v4
build-and-deploy	Deploy to GitHub Pages	2026-04-28T13:07:25.7520364Z with:
build-and-deploy	Deploy to GitHub Pages	2026-04-28T13:07:25.7520653Z   token: ***
build-and-deploy	Deploy to GitHub Pages	2026-04-28T13:07:25.7520813Z   timeout: 600000
build-and-deploy	Deploy to GitHub Pages	2026-04-28T13:07:25.7521111Z   error_count: 10
build-and-deploy	Deploy to GitHub Pages	2026-04-28T13:07:25.7521495Z   reporting_interval: 5000
build-and-deploy	Deploy to GitHub Pages	2026-04-28T13:07:25.7521854Z   artifact_name: github-pages
build-and-deploy	Deploy to GitHub Pages	2026-04-28T13:07:25.7522082Z   preview: false
build-and-deploy	Deploy to GitHub Pages	2026-04-28T13:07:25.7522255Z env:
build-and-deploy	Deploy to GitHub Pages	2026-04-28T13:07:25.7522426Z   FORCE_JAVASCRIPT_ACTIONS_TO_NODE24: true
build-and-deploy	Deploy to GitHub Pages	2026-04-28T13:07:25.7522673Z   GITHUB_PAGES: true
build-and-deploy	Deploy to GitHub Pages	2026-04-28T13:07:25.7522851Z ##[endgroup]
build-and-deploy	Deploy to GitHub Pages	2026-04-28T13:07:25.9276624Z (node:2385) [DEP0040] DeprecationWarning: The `punycode` module is deprecated. Please use a userland alternative instead.
build-and-deploy	Deploy to GitHub Pages	2026-04-28T13:07:25.9277501Z (Use `node --trace-deprecation ...` to show where the warning was created)
build-and-deploy	Deploy to GitHub Pages	2026-04-28T13:07:26.1815655Z Fetching artifact metadata for "github-pages" in this workflow run
build-and-deploy	Deploy to GitHub Pages	2026-04-28T13:07:26.4320443Z Found 1 artifact(s)
build-and-deploy	Deploy to GitHub Pages	2026-04-28T13:07:26.4333064Z Creating Pages deployment with payload:
build-and-deploy	Deploy to GitHub Pages	2026-04-28T13:07:26.4333738Z {
build-and-deploy	Deploy to GitHub Pages	2026-04-28T13:07:26.4334035Z 	"artifact_id": 6684834138,
build-and-deploy	Deploy to GitHub Pages	2026-04-28T13:07:26.4334623Z 	"pages_build_version": "500a55e960439372ad19b288c0a0264267676de6",
build-and-deploy	Deploy to GitHub Pages	2026-04-28T13:07:26.4406369Z 	"oidc_token": "***"
build-and-deploy	Deploy to GitHub Pages	2026-04-28T13:07:26.4406961Z }
build-and-deploy	Deploy to GitHub Pages	2026-04-28T13:07:26.7940709Z ##[error]Creating Pages deployment failed
build-and-deploy	Deploy to GitHub Pages	2026-04-28T13:07:26.7959994Z ##[error]HttpError: Missing environment. Ensure your workflow's deployment job has an environment. Example:
build-and-deploy	Deploy to GitHub Pages	jobs:
build-and-deploy	Deploy to GitHub Pages	  deploy:
build-and-deploy	Deploy to GitHub Pages	    environment:
build-and-deploy	Deploy to GitHub Pages	      name: github-pages
build-and-deploy	Deploy to GitHub Pages	
build-and-deploy	Deploy to GitHub Pages	    at /home/runner/work/_actions/actions/deploy-pages/v4/node_modules/@octokit/request/dist-node/index.js:124:1
build-and-deploy	Deploy to GitHub Pages	    at processTicksAndRejections (node:internal/process/task_queues:104:5)
build-and-deploy	Deploy to GitHub Pages	    at createPagesDeployment (/home/runner/work/_actions/actions/deploy-pages/v4/src/internal/api-client.js:125:1)
build-and-deploy	Deploy to GitHub Pages	    at Deployment.create (/home/runner/work/_actions/actions/deploy-pages/v4/src/internal/deployment.js:74:1)
build-and-deploy	Deploy to GitHub Pages	    at main (/home/runner/work/_actions/actions/deploy-pages/v4/src/index.js:30:1)
build-and-deploy	Deploy to GitHub Pages	2026-04-28T13:07:26.7969745Z ##[error]Error: Failed to create deployment (status: 400) with build version 500a55e960439372ad19b288c0a0264267676de6. Request ID E881:1CD08:4CA52A5:135AA438:69F0B10E Responded with: Missing environment. Ensure your workflow's deployment job has an environment. Example:
build-and-deploy	Deploy to GitHub Pages	jobs:
build-and-deploy	Deploy to GitHub Pages	  deploy:
build-and-deploy	Deploy to GitHub Pages	    environment:
build-and-deploy	Deploy to GitHub Pages	      name: github-pages
build-and-deploy	Deploy to GitHub Pages	
build-and-deploy	Post Checkout	﻿2026-04-28T13:07:26.8296609Z Post job cleanup.
build-and-deploy	Post Checkout	2026-04-28T13:07:26.9097758Z [command]/usr/bin/git version
build-and-deploy	Post Checkout	2026-04-28T13:07:26.9130713Z git version 2.54.0
build-and-deploy	Post Checkout	2026-04-28T13:07:26.9164520Z Temporarily overriding HOME='/home/runner/work/_temp/45a1504d-3ead-4a97-bdc2-34636faa62d0' before making global git config changes
build-and-deploy	Post Checkout	2026-04-28T13:07:26.9166007Z Adding repository directory to the temporary git global config as a safe directory
build-and-deploy	Post Checkout	2026-04-28T13:07:26.9170494Z [command]/usr/bin/git config --global --add safe.directory /home/runner/work/joywebpage/joywebpage
build-and-deploy	Post Checkout	2026-04-28T13:07:26.9202477Z [command]/usr/bin/git config --local --name-only --get-regexp core\.sshCommand
build-and-deploy	Post Checkout	2026-04-28T13:07:26.9232168Z [command]/usr/bin/git submodule foreach --recursive sh -c "git config --local --name-only --get-regexp 'core\.sshCommand' && git config --local --unset-all 'core.sshCommand' || :"
build-and-deploy	Post Checkout	2026-04-28T13:07:26.9407423Z [command]/usr/bin/git config --local --name-only --get-regexp http\.https\:\/\/github\.com\/\.extraheader
build-and-deploy	Post Checkout	2026-04-28T13:07:26.9430198Z http.https://github.com/.extraheader
build-and-deploy	Post Checkout	2026-04-28T13:07:26.9439422Z [command]/usr/bin/git config --local --unset-all http.https://github.com/.extraheader
build-and-deploy	Post Checkout	2026-04-28T13:07:26.9466664Z [command]/usr/bin/git submodule foreach --recursive sh -c "git config --local --name-only --get-regexp 'http\.https\:\/\/github\.com\/\.extraheader' && git config --local --unset-all 'http.https://github.com/.extraheader' || :"
build-and-deploy	Post Checkout	2026-04-28T13:07:26.9645633Z [command]/usr/bin/git config --local --name-only --get-regexp ^includeIf\.gitdir:
build-and-deploy	Post Checkout	2026-04-28T13:07:26.9673198Z [command]/usr/bin/git submodule foreach --recursive git config --local --show-origin --name-only --get-regexp remote.origin.url
build-and-deploy	Complete job	﻿2026-04-28T13:07:26.9956999Z Cleaning up orphan processes
build-and-deploy	Complete job	2026-04-28T13:07:27.0195418Z ##[warning]Node.js 20 is deprecated. The following actions target Node.js 20 but are being forced to run on Node.js 24: actions/checkout@v4, actions/configure-pages@v4, actions/deploy-pages@v4, actions/setup-node@v4, actions/upload-artifact@v4. For more information see: https://github.blog/changelog/2025-09-19-deprecation-of-node-20-on-github-actions-runners/
